> Task :app:preBuild UP-TO-DATE
> Task :app:preDebugBuild UP-TO-DATE
> Task :app:generateDebugResources UP-TO-DATE
> Task :app:packageDebugResources UP-TO-DATE
> Task :app:processDebugNavigationResources UP-TO-DATE
> Task :app:parseDebugLocalResources UP-TO-DATE
> Task :app:generateDebugRFile UP-TO-DATE

> Task :app:compileDebugKotlin FAILED
.\gradlew : e: file:///D:/LegaleseLens/app/src/mai
n/java/com/example/legaleselens/MainActivity.kt:18
1:9 Conflicting declarations:
At line:1 char:1
+ .\gradlew compileDebugKotlin 2>&1 | Tee-Object 
-FilePath build_error. ...
+ ~~~~~~~~~~~~~~~~~~~~~~~~~~~~~~~~~
    + CategoryInfo          : NotSpecified: (e: f 
   ile:///D:/L...g declarations::String) [], Rem  
  oteException
    + FullyQualifiedErrorId : NativeCommandError
 
local val context: Context
local val context: Context
e: file:///D:/LegaleseLens/app/src/main/java/com/e
xample/legaleselens/MainActivity.kt:221:9 
Conflicting declarations:
local val context: Context
local val context: Context
e: file:///D:/LegaleseLens/app/src/main/java/com/e
xample/legaleselens/MainActivity.kt:334:15 Syntax 
error: Unexpected tokens (use ';' to separate 
expressions on the same line).
e: file:///D:/LegaleseLens/app/src/main/java/com/e
xample/legaleselens/MainActivity.kt:335:35 
Unresolved reference 'text'.
e: file:///D:/LegaleseLens/app/src/main/java/com/e
xample/legaleselens/MainActivity.kt:371:46 
Suspend function 'suspend fun 
generateContent(prompt: String): 
GenerateContentResponse' can only be called from 
a coroutine or another suspend function.
e: file:///D:/LegaleseLens/app/src/main/java/com/e
xample/legaleselens/MainActivity.kt:398:5 Syntax 
error: Expecting a top level declaration.
e: file:///D:/LegaleseLens/app/src/main/java/com/e
xample/legaleselens/MainActivity.kt:398:20 Syntax 
error: Expecting a top level declaration.
e: file:///D:/LegaleseLens/app/src/main/java/com/e
xample/legaleselens/MainActivity.kt:399:9 Syntax 
error: Expecting a top level declaration.
e: file:///D:/LegaleseLens/app/src/main/java/com/e
xample/legaleselens/MainActivity.kt:399:21 Syntax 
error: Expecting a top level declaration.
e: file:///D:/LegaleseLens/app/src/main/java/com/e
xample/legaleselens/MainActivity.kt:399:23 Syntax 
error: Expecting a top level declaration.
e: file:///D:/LegaleseLens/app/src/main/java/com/e
xample/legaleselens/MainActivity.kt:399:36 Syntax 
error: Expecting a top level declaration.
e: file:///D:/LegaleseLens/app/src/main/java/com/e
xample/legaleselens/MainActivity.kt:400:9 Syntax 
error: Expecting a top level declaration.
e: file:///D:/LegaleseLens/app/src/main/java/com/e
xample/legaleselens/MainActivity.kt:400:24 Syntax 
error: Expecting a top level declaration.
e: file:///D:/LegaleseLens/app/src/main/java/com/e
xample/legaleselens/MainActivity.kt:400:26 Syntax 
error: Expecting a top level declaration.
e: file:///D:/LegaleseLens/app/src/main/java/com/e
xample/legaleselens/MainActivity.kt:400:26 
Function declaration must have a name.
e: file:///D:/LegaleseLens/app/src/main/java/com/e
xample/legaleselens/MainActivity.kt:402:10 Syntax 
error: Expecting a top level declaration.
e: file:///D:/LegaleseLens/app/src/main/java/com/e
xample/legaleselens/MainActivity.kt:403:9 Syntax 
error: Expecting a top level declaration.
e: file:///D:/LegaleseLens/app/src/main/java/com/e
xample/legaleselens/MainActivity.kt:403:15 Syntax 
error: Expecting a top level declaration.
e: file:///D:/LegaleseLens/app/src/main/java/com/e
xample/legaleselens/MainActivity.kt:403:17 Syntax 
error: Expecting a top level declaration.
e: file:///D:/LegaleseLens/app/src/main/java/com/e
xample/legaleselens/MainActivity.kt:403:18 Syntax 
error: Expecting a top level declaration.
e: file:///D:/LegaleseLens/app/src/main/java/com/e
xample/legaleselens/MainActivity.kt:403:37 Syntax 
error: Expecting a top level declaration.
e: file:///D:/LegaleseLens/app/src/main/java/com/e
xample/legaleselens/MainActivity.kt:404:5 Syntax 
error: Expecting a top level declaration.
e: file:///D:/LegaleseLens/app/src/main/java/com/e
xample/legaleselens/MainActivity.kt:404:7 Syntax 
error: Expecting a top level declaration.
e: file:///D:/LegaleseLens/app/src/main/java/com/e
xample/legaleselens/MainActivity.kt:404:7 
Functions which invoke @Composable functions must 
be marked with the @Composable annotation
e: file:///D:/LegaleseLens/app/src/main/java/com/e
xample/legaleselens/MainActivity.kt:404:7 
Function declaration must have a name.
e: file:///D:/LegaleseLens/app/src/main/java/com/e
xample/legaleselens/MainActivity.kt:404:9 
Unresolved reference 'screen'.
e: file:///D:/LegaleseLens/app/src/main/java/com/e
xample/legaleselens/MainActivity.kt:404:16 Syntax 
error: Unexpected tokens (use ';' to separate 
expressions on the same line).
e: file:///D:/LegaleseLens/app/src/main/java/com/e
xample/legaleselens/MainActivity.kt:405:15 
Unresolved reference 'screen'.
e: file:///D:/LegaleseLens/app/src/main/java/com/e
xample/legaleselens/MainActivity.kt:407:17 
@Composable invocations can only happen from the 
context of a @Composable function
e: file:///D:/LegaleseLens/app/src/main/java/com/e
xample/legaleselens/MainActivity.kt:407:44 
Unresolved reference 'currentScreen'.
e: file:///D:/LegaleseLens/app/src/main/java/com/e
xample/legaleselens/MainActivity.kt:410:17 
@Composable invocations can only happen from the 
context of a @Composable function
e: file:///D:/LegaleseLens/app/src/main/java/com/e
xample/legaleselens/MainActivity.kt:412:25 
Unresolved reference 'scanMode'.
e: file:///D:/LegaleseLens/app/src/main/java/com/e
xample/legaleselens/MainActivity.kt:413:25 
Unresolved reference 'currentScreen'.
e: file:///D:/LegaleseLens/app/src/main/java/com/e
xample/legaleselens/MainActivity.kt:416:25 
Unresolved reference 'scanMode'.
e: file:///D:/LegaleseLens/app/src/main/java/com/e
xample/legaleselens/MainActivity.kt:417:25 
Unresolved reference 'currentScreen'.
e: file:///D:/LegaleseLens/app/src/main/java/com/e
xample/legaleselens/MainActivity.kt:419:45 
Unresolved reference 'currentScreen'.
e: file:///D:/LegaleseLens/app/src/main/java/com/e
xample/legaleselens/MainActivity.kt:420:48 
Unresolved reference 'currentScreen'.
e: file:///D:/LegaleseLens/app/src/main/java/com/e
xample/legaleselens/MainActivity.kt:421:47 
Unresolved reference 'currentScreen'.
e: file:///D:/LegaleseLens/app/src/main/java/com/e
xample/legaleselens/MainActivity.kt:422:43 
Unresolved reference 'currentScreen'.
e: file:///D:/LegaleseLens/app/src/main/java/com/e
xample/legaleselens/MainActivity.kt:426:17 
@Composable invocations can only happen from the 
context of a @Composable function
e: file:///D:/LegaleseLens/app/src/main/java/com/e
xample/legaleselens/MainActivity.kt:427:33 
Unresolved reference 'scanState'.
e: file:///D:/LegaleseLens/app/src/main/java/com/e
xample/legaleselens/MainActivity.kt:428:40 
Unresolved reference 'comparisonResult'.
e: file:///D:/LegaleseLens/app/src/main/java/com/e
xample/legaleselens/MainActivity.kt:429:40 
Unresolved reference 'isInspectionMode'.
e: file:///D:/LegaleseLens/app/src/main/java/com/e
xample/legaleselens/MainActivity.kt:430:38 
Unresolved reference 'lifecycleOwner'.
e: file:///D:/LegaleseLens/app/src/main/java/com/e
xample/legaleselens/MainActivity.kt:432:25 
Unresolved reference 'currentScreen'.
e: file:///D:/LegaleseLens/app/src/main/java/com/e
xample/legaleselens/MainActivity.kt:433:25 
Unresolved reference 'resetApp'.
e: file:///D:/LegaleseLens/app/src/main/java/com/e
xample/legaleselens/MainActivity.kt:435:33 
Unresolved reference 'resetApp'.
e: file:///D:/LegaleseLens/app/src/main/java/com/e
xample/legaleselens/MainActivity.kt:436:40 
Unresolved reference 'scanDocument'.
e: file:///D:/LegaleseLens/app/src/main/java/com/e
xample/legaleselens/MainActivity.kt:437:40 
Unresolved reference 'previewViewRef'.
e: file:///D:/LegaleseLens/app/src/main/java/com/e
xample/legaleselens/MainActivity.kt:441:17 
@Composable invocations can only happen from the 
context of a @Composable function
e: file:///D:/LegaleseLens/app/src/main/java/com/e
xample/legaleselens/MainActivity.kt:442:35 
Unresolved reference 'historyList'.
e: file:///D:/LegaleseLens/app/src/main/java/com/e
xample/legaleselens/MainActivity.kt:443:32 
Unresolved reference 'currentScreen'.
e: file:///D:/LegaleseLens/app/src/main/java/com/e
xample/legaleselens/MainActivity.kt:445:25 
Unresolved reference 'selectedHistoryItem'.
e: file:///D:/LegaleseLens/app/src/main/java/com/e
xample/legaleselens/MainActivity.kt:446:25 
Unresolved reference 'currentScreen'.
e: file:///D:/LegaleseLens/app/src/main/java/com/e
xample/legaleselens/MainActivity.kt:451:17 
@Composable invocations can only happen from the 
context of a @Composable function
e: file:///D:/LegaleseLens/app/src/main/java/com/e
xample/legaleselens/MainActivity.kt:452:28 
Unresolved reference 'selectedHistoryItem'.
e: file:///D:/LegaleseLens/app/src/main/java/com/e
xample/legaleselens/MainActivity.kt:453:32 
Unresolved reference 'currentScreen'.
e: file:///D:/LegaleseLens/app/src/main/java/com/e
xample/legaleselens/MainActivity.kt:457:17 
@Composable invocations can only happen from the 
context of a @Composable function
e: file:///D:/LegaleseLens/app/src/main/java/com/e
xample/legaleselens/MainActivity.kt:457:45 
Unresolved reference 'currentScreen'.
e: file:///D:/LegaleseLens/app/src/main/java/com/e
xample/legaleselens/MainActivity.kt:460:17 
@Composable invocations can only happen from the 
context of a @Composable function
e: file:///D:/LegaleseLens/app/src/main/java/com/e
xample/legaleselens/MainActivity.kt:460:44 
Unresolved reference 'currentScreen'.
e: file:///D:/LegaleseLens/app/src/main/java/com/e
xample/legaleselens/MainActivity.kt:463:17 
@Composable invocations can only happen from the 
context of a @Composable function
e: file:///D:/LegaleseLens/app/src/main/java/com/e
xample/legaleselens/MainActivity.kt:463:40 
Unresolved reference 'currentScreen'.
e: file:///D:/LegaleseLens/app/src/main/java/com/e
xample/legaleselens/MainActivity.kt:467:1 Syntax 
error: Expecting a top level declaration.

FAILURE: Build failed with an exception.

* What went wrong:
Execution failed for task 
':app:compileDebugKotlin'.
> A failure occurred while executing org.jetbrains
.kotlin.compilerRunner.GradleCompilerRunnerWithWor
kers$GradleKotlinCompilerWorkAction
   > Compilation error. See log for more details

* Try:
> Run with --stacktrace option to get the stack 
trace.
> Run with --info or --debug option to get more 
log output.
> Run with --scan to generate a Build Scan 
(powered by Develocity).
> Get more help at https://help.gradle.org.

BUILD FAILED in 1s
6 actionable tasks: 1 executed, 5 up-to-date
